Microchip MPLAB XC8 Compiler V2.40

Linker command line:

-W-3 \
  --edf=C:\Program Files\Microchip\xc8\v2.40\pic\dat\20220703182018_en.msgs \
  -cn -h+dist/default/production\Pokeball_xs.X.production.sym \
  --cmf=dist/default/production\Pokeball_xs.X.production.cmf -z -Q12LF1571 \
  -oC:\Users\JustinK\AppData\Local\Temp\xcAsrig.4 --defsym=__MPLAB_BUILD=1 \
  --fixupoverflow=error \
  -Mdist/default/production/Pokeball_xs.X.production.map \
  --md=C:\Users\JustinK\AppData\Local\Temp\xcAsrig.dat -E1 \
  -ver=XC8 Compiler --acfsm=1493 -ACODE=00h-03FFh -ASTRCODE=00h-03FFh \
  -ASTRING=00h-0FFhx4 -ACONST=00h-0FFhx4 -AENTRY=00h-0FFhx4 \
  -ACOMMON=070h-07Fh -ABANK0=020h-06Fh -ABANK1=0A0h-0BFh \
  -ABIGRAM=02000h-0206Fh -ARAM=020h-06Fh,0A0h-0BFh \
  -AABS1=020h-07Fh,0A0h-0BFh -ASFR0=00h-01Fh -ASFR1=080h-09Fh \
  -ASFR2=0100h-016Fh -ASFR3=0180h-01EFh -ASFR4=0200h-026Fh \
  -ASFR5=0280h-02EFh -ASFR6=0300h-036Fh -ASFR7=0380h-03EFh \
  -ASFR8=0400h-046Fh -ASFR9=0480h-04EFh -ASFR10=0500h-056Fh \
  -ASFR11=0580h-05EFh -ASFR12=0600h-066Fh -ASFR13=0680h-06EFh \
  -ASFR14=0700h-076Fh -ASFR15=0780h-07EFh -ASFR16=0800h-086Fh \
  -ASFR17=0880h-08EFh -ASFR18=0900h-096Fh -ASFR19=0980h-09EFh \
  -ASFR20=0A00h-0A6Fh -ASFR21=0A80h-0AEFh -ASFR22=0B00h-0B6Fh \
  -ASFR23=0B80h-0BEFh -ASFR24=0C00h-0C6Fh -ASFR25=0C80h-0CEFh \
  -ASFR26=0D00h-0D6Fh -ASFR27=0D80h-0DEFh -ASFR28=0E00h-0E6Fh \
  -ASFR29=0E80h-0EEFh -ASFR30=0F00h-0F6Fh -ASFR31=0F80h-0FEFh \
  -ACONFIG=08007h-08008h -DCONFIG=2 -AIDLOC=08000h-08003h -DIDLOC=2 \
  -DCODE=2 -DSTRCODE=2 -DSTRING=2 -DCONST=2 -DENTRY=2 \
  -preset_vec=00h,intentry=04h,init,end_init -ppowerup=CODE -pcinit=CODE \
  -pfunctab=ENTRY -k C:\Users\JustinK\AppData\Local\Temp\xcAsrig.o \
  dist/default/production\Pokeball_xs.X.production.o 

Object code version is 3.11

Machine type is 12LF1571



                Name                               Link     Load   Length Selector   Space Scale
C:\Users\JustinK\AppData\Local\Temp\xcAsrig.o
                end_init                             19       19        1        8       0
                reset_vec                             0        0        1        0       0
                config                             8007     8007        2        0       4
                idloc                              8000     8000        4        0       5
dist/default/production\Pokeball_xs.X.production.o
                cinit                                1A       1A        B        8       0
                intentry                              4        4       15        8       0
                config                             8007     8007        2        0       4
                idloc                              8000     8000        4        0       5
                text13                              2E6      2E6       11        8       0
                text12                              2D3      2D3       13        8       0
                text11                              2F7      2F7        D        8       0
                text9                               274      274       19        8       0
                text8                               2BC      2BC       17        8       0
                text7                               2A5      2A5       17        8       0
                text6                               30C      30C        5        8       0
                text5                               28D      28D       18        8       0
                text4                               304      304        8        8       0
                text3                               223      223       32        8       0
                text2                               255      255       1F        8       0
                text1                               1A3      1A3       80        8       0
                maintext                             25       25      17E        8       0
                cstackBANK0                          20       20        C       20       1
                cstackCOMMON                         70       70        8       70       1
                bssBANK0                             2C       2C        7       20       1
                nvCOMMON                             78       78        4       70       1

TOTAL           Name                               Link     Load   Length     Space
        CLASS   CODE           
                end_init                             19       19        1         0
                cinit                                1A       1A        B         0
                intentry                              4        4       15         0
                reset_vec                             0        0        1         0
                text13                              2E6      2E6       11         0
                text12                              2D3      2D3       13         0
                text11                              2F7      2F7        D         0
                text9                               274      274       19         0
                text8                               2BC      2BC       17         0
                text7                               2A5      2A5       17         0
                text6                               30C      30C        5         0
                text5                               28D      28D       18         0
                text4                               304      304        8         0
                text3                               223      223       32         0
                text2                               255      255       1F         0
                text1                               1A3      1A3       80         0
                maintext                             25       25      17E         0

        CLASS   STRCODE        

        CLASS   STRING         

        CLASS   CONST          

        CLASS   ENTRY          

        CLASS   COMMON         
                cstackCOMMON                         70       70        8         1
                nvCOMMON                             78       78        4         1

        CLASS   BANK0          
                cstackBANK0                          20       20        C         1
                bssBANK0                             2C       2C        7         1

        CLASS   BANK1          

        CLASS   BIGRAM         

        CLASS   RAM            

        CLASS   ABS1           
                abs_s1                               7E       7E        2         1

        CLASS   SFR0           

        CLASS   SFR1           

        CLASS   SFR2           

        CLASS   SFR3           

        CLASS   SFR4           

        CLASS   SFR5           

        CLASS   SFR6           

        CLASS   SFR7           

        CLASS   SFR8           

        CLASS   SFR9           

        CLASS   SFR10          

        CLASS   SFR11          

        CLASS   SFR12          

        CLASS   SFR13          

        CLASS   SFR14          

        CLASS   SFR15          

        CLASS   SFR16          

        CLASS   SFR17          

        CLASS   SFR18          

        CLASS   SFR19          

        CLASS   SFR20          

        CLASS   SFR21          

        CLASS   SFR22          

        CLASS   SFR23          

        CLASS   SFR24          

        CLASS   SFR25          

        CLASS   SFR26          

        CLASS   SFR27          

        CLASS   SFR28          

        CLASS   SFR29          

        CLASS   SFR30          

        CLASS   SFR31          

        CLASS   CONFIG         
                config                             8007     8007        2         4

        CLASS   IDLOC          
                idloc                              8000     8000        4         5

        CLASS   BANK31         

        CLASS   BANK30         

        CLASS   BANK29         

        CLASS   BANK28         

        CLASS   BANK27         

        CLASS   BANK26         

        CLASS   BANK25         

        CLASS   BANK24         

        CLASS   BANK23         

        CLASS   BANK22         

        CLASS   BANK21         

        CLASS   BANK20         

        CLASS   BANK19         

        CLASS   BANK18         

        CLASS   BANK17         

        CLASS   BANK16         

        CLASS   BANK15         

        CLASS   BANK14         

        CLASS   BANK13         

        CLASS   BANK12         

        CLASS   BANK11         

        CLASS   BANK10         

        CLASS   BANK9          

        CLASS   BANK8          

        CLASS   BANK7          

        CLASS   BANK6          

        CLASS   BANK5          

        CLASS   BANK4          

        CLASS   BANK3          

        CLASS   BANK2          

        CLASS   HEAP           

        CLASS   STACK          

        CLASS   EEDATA         



SEGMENTS        Name                           Load    Length   Top    Selector   Space  Class     Delta

                reset_vec                      000000  000001  000001         0       0  CODE        2
                intentry                       000004  00030D  000311         8       0  CODE        2
                cstackBANK0                    000020  000013  000033        20       1  BANK0       1
                cstackCOMMON                   000070  00000C  00007C        70       1  COMMON      1


UNUSED ADDRESS RANGES

        Name                Unused          Largest block    Delta
        BANK0            00033-0006F              3D           1
        BANK1            000A0-000BF              20           1
        BIGRAM           02000-0206F              70           1
        CODE             00001-00003               3           2
                         00311-003FF              EF
        COMMON           0007C-0007D               2           1
        CONST            00001-00003               3           2
                         00311-003FF              EF
        ENTRY            00001-00003               3           2
                         00311-003FF              EF
        RAM              00033-0006F              3D           1
                         000A0-000BF              20
        SFR0             00000-0001F              20           1
        SFR1             00080-0009F              20           1
        SFR10            00500-0056F              70           1
        SFR11            00580-005EF              70           1
        SFR12            00600-0066F              70           1
        SFR13            00680-006EF              70           1
        SFR14            00700-0076F              70           1
        SFR15            00780-007EF              70           1
        SFR16            00800-0086F              70           1
        SFR17            00880-008EF              70           1
        SFR18            00900-0096F              70           1
        SFR19            00980-009EF              70           1
        SFR2             00100-0016F              70           1
        SFR20            00A00-00A6F              70           1
        SFR21            00A80-00AEF              70           1
        SFR22            00B00-00B6F              70           1
        SFR23            00B80-00BEF              70           1
        SFR24            00C00-00C6F              70           1
        SFR25            00C80-00CEF              70           1
        SFR26            00D00-00D6F              70           1
        SFR27            00D80-00DEF              70           1
        SFR28            00E00-00E6F              70           1
        SFR29            00E80-00EEF              70           1
        SFR3             00180-001EF              70           1
        SFR30            00F00-00F6F              70           1
        SFR31            00F80-00FEF              70           1
        SFR4             00200-0026F              70           1
        SFR5             00280-002EF              70           1
        SFR6             00300-0036F              70           1
        SFR7             00380-003EF              70           1
        SFR8             00400-0046F              70           1
        SFR9             00480-004EF              70           1
        STRCODE          00001-00003               3           2
                         00311-003FF              EF
        STRING           00001-00003               3           2
                         00311-003FF              EF

                                  Symbol Table

?___wmul                                  cstackCOMMON 00072
TMR1_SetInterruptHandler@InterruptHandler cstackCOMMON 00072
TMR1_WriteTimer@timerVal                  cstackCOMMON 00070
_ACTIONbits                               bssBANK0     0002C
_ANSELA                                   (abs)        0018C
_APFCON                                   (abs)        0011D
_BORCON                                   (abs)        00116
_DEBOUNCEbits                             bssBANK0     00030
_INLVLA                                   (abs)        0038C
_INTCONbits                               (abs)        0000B
_INTERRUPT_InterruptManager               intentry     00004
_LATA                                     (abs)        0010C
_ODCONA                                   (abs)        0028C
_OPTION_REGbits                           (abs)        00095
_OSCCON                                   (abs)        00099
_OSCTUNE                                  (abs)        00098
_PIE1bits                                 (abs)        00091
_PIR1bits                                 (abs)        00011
_PORTAbits                                (abs)        0000C
_PR2                                      (abs)        0001B
_PWM1CLKCON                               (abs)        00D9E
_PWM1CON                                  (abs)        00D9B
_PWM1CONbits                              (abs)        00D9B
_PWM1DCH                                  (abs)        00D94
_PWM1DCL                                  (abs)        00D93
_PWM1INTE                                 (abs)        00D9C
_PWM1INTF                                 (abs)        00D9D
_PWM1INTFbits                             (abs)        00D9D
_PWM1LDCON                                (abs)        00D9F
_PWM1LDCONbits                            (abs)        00D9F
_PWM1OFCON                                (abs)        00DA0
_PWM1OFH                                  (abs)        00D98
_PWM1OFL                                  (abs)        00D97
_PWM1PHH                                  (abs)        00D92
_PWM1PHL                                  (abs)        00D91
_PWM1PRH                                  (abs)        00D96
_PWM1PRL                                  (abs)        00D95
_PWM1TMRH                                 (abs)        00D9A
_PWM1TMRL                                 (abs)        00D99
_PWM1_Initialize                          text9        00274
_PWM2CLKCON                               (abs)        00DAE
_PWM2CON                                  (abs)        00DAB
_PWM2CONbits                              (abs)        00DAB
_PWM2DCH                                  (abs)        00DA4
_PWM2DCL                                  (abs)        00DA3
_PWM2INTE                                 (abs)        00DAC
_PWM2INTF                                 (abs)        00DAD
_PWM2INTFbits                             (abs)        00DAD
_PWM2LDCON                                (abs)        00DAF
_PWM2LDCONbits                            (abs)        00DAF
_PWM2OFCON                                (abs)        00DB0
_PWM2OFH                                  (abs)        00DA8
_PWM2OFL                                  (abs)        00DA7
_PWM2PHH                                  (abs)        00DA2
_PWM2PHL                                  (abs)        00DA1
_PWM2PRH                                  (abs)        00DA6
_PWM2PRL                                  (abs)        00DA5
_PWM2TMRH                                 (abs)        00DAA
_PWM2TMRL                                 (abs)        00DA9
_PWM2_Initialize                          text8        002BC
_PWM3CLKCON                               (abs)        00DBE
_PWM3CON                                  (abs)        00DBB
_PWM3CONbits                              (abs)        00DBB
_PWM3DCH                                  (abs)        00DB4
_PWM3DCL                                  (abs)        00DB3
_PWM3INTE                                 (abs)        00DBC
_PWM3INTF                                 (abs)        00DBD
_PWM3INTFbits                             (abs)        00DBD
_PWM3LDCON                                (abs)        00DBF
_PWM3LDCONbits                            (abs)        00DBF
_PWM3OFCON                                (abs)        00DC0
_PWM3OFH                                  (abs)        00DB8
_PWM3OFL                                  (abs)        00DB7
_PWM3PHH                                  (abs)        00DB2
_PWM3PHL                                  (abs)        00DB1
_PWM3PRH                                  (abs)        00DB6
_PWM3PRL                                  (abs)        00DB5
_PWM3TMRH                                 (abs)        00DBA
_PWM3TMRL                                 (abs)        00DB9
_PWM3_Initialize                          text7        002A5
_SLRCONA                                  (abs)        0030C
_SYSTEM_Initialize                        text3        00223
_T1CON                                    (abs)        00018
_T1CONbits                                (abs)        00018
_T1GCON                                   (abs)        00019
_T1GCONbits                               (abs)        00019
_T2CON                                    (abs)        0001C
_T2CONbits                                (abs)        0001C
_TMR1H                                    (abs)        00017
_TMR1L                                    (abs)        00016
_TMR1_DefaultInterruptHandler             (abs)        00000
_TMR1_ISR                                 text11       002F7
_TMR1_Initialize                          text5        0028D
_TMR1_InterruptHandler                    nvCOMMON     00078
_TMR1_SetInterruptHandler                 text6        0030C
_TMR1_WriteTimer                          text13       002E6
_TMR2                                     (abs)        0001A
_TMR2_Initialize                          text4        00304
_TRISA                                    (abs)        0008C
_WDTCON                                   (abs)        00097
_WPUA                                     (abs)        0020C
_WPUAbits                                 (abs)        0020C
__Habs1                                   abs1         00000
__Hbank0                                  bank0        00000
__Hbank1                                  bank1        00000
__Hbank10                                 bank10       00000
__Hbank11                                 bank11       00000
__Hbank12                                 bank12       00000
__Hbank13                                 bank13       00000
__Hbank14                                 bank14       00000
__Hbank15                                 bank15       00000
__Hbank16                                 bank16       00000
__Hbank17                                 bank17       00000
__Hbank18                                 bank18       00000
__Hbank19                                 bank19       00000
__Hbank2                                  bank2        00000
__Hbank20                                 bank20       00000
__Hbank21                                 bank21       00000
__Hbank22                                 bank22       00000
__Hbank23                                 bank23       00000
__Hbank24                                 bank24       00000
__Hbank25                                 bank25       00000
__Hbank26                                 bank26       00000
__Hbank27                                 bank27       00000
__Hbank28                                 bank28       00000
__Hbank29                                 bank29       00000
__Hbank3                                  bank3        00000
__Hbank30                                 bank30       00000
__Hbank31                                 bank31       00000
__Hbank4                                  bank4        00000
__Hbank5                                  bank5        00000
__Hbank6                                  bank6        00000
__Hbank7                                  bank7        00000
__Hbank8                                  bank8        00000
__Hbank9                                  bank9        00000
__Hbigram                                 bigram       00000
__HbssBANK0                               bssBANK0     00000
__Hcinit                                  cinit        00025
__Hclrtext                                clrtext      00000
__Hcode                                   code         00000
__Hcommon                                 common       00000
__Hconfig                                 config       08009
__HcstackBANK0                            cstackBANK0  00000
__HcstackCOMMON                           cstackCOMMON 00000
__Heeprom_data                            eeprom_data  00000
__Hend_init                               end_init     0001A
__Hfunctab                                functab      00000
__Hheap                                   heap         00000
__Hidloc                                  idloc        08004
__Hinit                                   init         00019
__Hintentry                               intentry     00019
__Hmaintext                               maintext     00000
__HnvCOMMON                               nvCOMMON     00000
__Hpowerup                                powerup      00000
__Hram                                    ram          00000
__Hreset_vec                              reset_vec    00001
__Hsfr0                                   sfr0         00000
__Hsfr1                                   sfr1         00000
__Hsfr10                                  sfr10        00000
__Hsfr11                                  sfr11        00000
__Hsfr12                                  sfr12        00000
__Hsfr13                                  sfr13        00000
__Hsfr14                                  sfr14        00000
__Hsfr15                                  sfr15        00000
__Hsfr16                                  sfr16        00000
__Hsfr17                                  sfr17        00000
__Hsfr18                                  sfr18        00000
__Hsfr19                                  sfr19        00000
__Hsfr2                                   sfr2         00000
__Hsfr20                                  sfr20        00000
__Hsfr21                                  sfr21        00000
__Hsfr22                                  sfr22        00000
__Hsfr23                                  sfr23        00000
__Hsfr24                                  sfr24        00000
__Hsfr25                                  sfr25        00000
__Hsfr26                                  sfr26        00000
__Hsfr27                                  sfr27        00000
__Hsfr28                                  sfr28        00000
__Hsfr29                                  sfr29        00000
__Hsfr3                                   sfr3         00000
__Hsfr30                                  sfr30        00000
__Hsfr31                                  sfr31        00000
__Hsfr4                                   sfr4         00000
__Hsfr5                                   sfr5         00000
__Hsfr6                                   sfr6         00000
__Hsfr7                                   sfr7         00000
__Hsfr8                                   sfr8         00000
__Hsfr9                                   sfr9         00000
__Hspace_0                                (abs)        00311
__Hspace_1                                (abs)        0007C
__Hspace_2                                (abs)        00000
__Hspace_3                                (abs)        00000
__Hspace_4                                (abs)        10010
__Hstack                                  stack        00000
__Hstrings                                strings      00000
__Htext                                   text         00000
__Labs1                                   abs1         00000
__Lbank0                                  bank0        00000
__Lbank1                                  bank1        00000
__Lbank10                                 bank10       00000
__Lbank11                                 bank11       00000
__Lbank12                                 bank12       00000
__Lbank13                                 bank13       00000
__Lbank14                                 bank14       00000
__Lbank15                                 bank15       00000
__Lbank16                                 bank16       00000
__Lbank17                                 bank17       00000
__Lbank18                                 bank18       00000
__Lbank19                                 bank19       00000
__Lbank2                                  bank2        00000
__Lbank20                                 bank20       00000
__Lbank21                                 bank21       00000
__Lbank22                                 bank22       00000
__Lbank23                                 bank23       00000
__Lbank24                                 bank24       00000
__Lbank25                                 bank25       00000
__Lbank26                                 bank26       00000
__Lbank27                                 bank27       00000
__Lbank28                                 bank28       00000
__Lbank29                                 bank29       00000
__Lbank3                                  bank3        00000
__Lbank30                                 bank30       00000
__Lbank31                                 bank31       00000
__Lbank4                                  bank4        00000
__Lbank5                                  bank5        00000
__Lbank6                                  bank6        00000
__Lbank7                                  bank7        00000
__Lbank8                                  bank8        00000
__Lbank9                                  bank9        00000
__Lbigram                                 bigram       00000
__LbssBANK0                               bssBANK0     00000
__Lcinit                                  cinit        0001A
__Lclrtext                                clrtext      00000
__Lcode                                   code         00000
__Lcommon                                 common       00000
__Lconfig                                 config       00000
__LcstackBANK0                            cstackBANK0  00000
__LcstackCOMMON                           cstackCOMMON 00000
__Leeprom_data                            eeprom_data  00000
__Lend_init                               end_init     00019
__Lfunctab                                functab      00000
__Lheap                                   heap         00000
__Lidloc                                  idloc        00000
__Linit                                   init         00019
__Lintentry                               intentry     00004
__Lmaintext                               maintext     00000
__LnvCOMMON                               nvCOMMON     00000
__Lpowerup                                powerup      00000
__Lram                                    ram          00000
__Lreset_vec                              reset_vec    00000
__Lsfr0                                   sfr0         00000
__Lsfr1                                   sfr1         00000
__Lsfr10                                  sfr10        00000
__Lsfr11                                  sfr11        00000
__Lsfr12                                  sfr12        00000
__Lsfr13                                  sfr13        00000
__Lsfr14                                  sfr14        00000
__Lsfr15                                  sfr15        00000
__Lsfr16                                  sfr16        00000
__Lsfr17                                  sfr17        00000
__Lsfr18                                  sfr18        00000
__Lsfr19                                  sfr19        00000
__Lsfr2                                   sfr2         00000
__Lsfr20                                  sfr20        00000
__Lsfr21                                  sfr21        00000
__Lsfr22                                  sfr22        00000
__Lsfr23                                  sfr23        00000
__Lsfr24                                  sfr24        00000
__Lsfr25                                  sfr25        00000
__Lsfr26                                  sfr26        00000
__Lsfr27                                  sfr27        00000
__Lsfr28                                  sfr28        00000
__Lsfr29                                  sfr29        00000
__Lsfr3                                   sfr3         00000
__Lsfr30                                  sfr30        00000
__Lsfr31                                  sfr31        00000
__Lsfr4                                   sfr4         00000
__Lsfr5                                   sfr5         00000
__Lsfr6                                   sfr6         00000
__Lsfr7                                   sfr7         00000
__Lsfr8                                   sfr8         00000
__Lsfr9                                   sfr9         00000
__Lspace_0                                (abs)        00000
__Lspace_1                                (abs)        00000
__Lspace_2                                (abs)        00000
__Lspace_3                                (abs)        00000
__Lspace_4                                (abs)        00000
__Lstack                                  stack        00000
__Lstrings                                strings      00000
__Ltext                                   text         00000
__S0                                      (abs)        00311
__S1                                      (abs)        0007C
___heap_hi                                (abs)        00000
___heap_lo                                (abs)        00000
___int_sp                                 stack        00000
___latbits                                (abs)        00000
___sp                                     stack        00000
___stackhi                                (abs)        00000
___stacklo                                (abs)        00000
___wmul                                   text2        00255
___wmul@multiplicand                      cstackCOMMON 00074
___wmul@multiplier                        cstackCOMMON 00072
___wmul@product                           cstackCOMMON 00076
__end_of_INTERRUPT_InterruptManager       intentry     00019
__end_of_PWM1_Initialize                  text9        0028D
__end_of_PWM2_Initialize                  text8        002D3
__end_of_PWM3_Initialize                  text7        002BC
__end_of_SYSTEM_Initialize                text3        00255
__end_of_TMR1_ISR                         text11       00304
__end_of_TMR1_Initialize                  text5        002A5
__end_of_TMR1_SetInterruptHandler         text6        00311
__end_of_TMR1_WriteTimer                  text13       002F7
__end_of_TMR2_Initialize                  text4        0030C
__end_of___wmul                           text2        00274
__end_of__initialization                  cinit        00022
__end_of_main                             maintext     001A3
__end_of_msTick                           text12       002E6
__end_of_setColors                        text1        00223
__initialization                          cinit        0001A
__pbssBANK0                               bssBANK0     0002C
__pcstackBANK0                            cstackBANK0  00020
__pcstackCOMMON                           cstackCOMMON 00070
__pintentry                               intentry     00004
__pmaintext                               maintext     00025
__pnvCOMMON                               nvCOMMON     00078
__ptext1                                  text1        001A3
__ptext11                                 text11       002F7
__ptext12                                 text12       002D3
__ptext13                                 text13       002E6
__ptext2                                  text2        00255
__ptext3                                  text3        00223
__ptext4                                  text4        00304
__ptext5                                  text5        0028D
__ptext6                                  text6        0030C
__ptext7                                  text7        002A5
__ptext8                                  text8        002BC
__ptext9                                  text9        00274
_currentState                             bssBANK0     00032
_main                                     maintext     00025
_msTick                                   text12       002D3
_randCounter                              bssBANK0     00031
_setColors                                text1        001A3
_timeInState                              bssBANK0     0002E
_timer1ReloadVal                          nvCOMMON     0007A
btemp                                     (abs)        0007E
end_of_initialization                     cinit        00022
int$flags                                 (abs)        0007E
intlevel0                                 functab      00000
intlevel1                                 functab      00000
intlevel2                                 functab      00000
intlevel3                                 functab      00000
intlevel4                                 functab      00000
intlevel5                                 functab      00000
reset_vec                                 reset_vec    00000
setColors@b                               cstackBANK0  00024
setColors@fade                            cstackBANK0  00026
setColors@g                               cstackBANK0  00022
setColors@r                               cstackBANK0  00020
start                                     init         00019
start_initialization                      cinit        0001A
wtemp0                                    (abs)        0007E


MODULE INFORMATION

Module		Function		Class		Link	Load	Size
C:\Program Files\Microchip\xc8\v2.40\pic\sources\c99\common\Umul16.c
		___wmul        		CODE           	0255	0000	31

C:\Program Files\Microchip\xc8\v2.40\pic\sources\c99\common\Umul16.c estimated size: 31

mcc_generated_files/tmr2.c
		_TMR2_Initialize		CODE           	0304	0000	8

mcc_generated_files/tmr2.c estimated size: 8

mcc_generated_files/interrupt_manager.c
		_INTERRUPT_InterruptManager		CODE           	0004	0000	21

mcc_generated_files/interrupt_manager.c estimated size: 21

mcc_generated_files/pwm2.c
		_PWM2_Initialize		CODE           	02BC	0000	23

mcc_generated_files/pwm2.c estimated size: 23

shared
		__initialization		CODE           	001A	0000	8

shared estimated size: 8

mcc_generated_files/mcc.c
		_SYSTEM_Initialize		CODE           	0223	0000	50

mcc_generated_files/mcc.c estimated size: 50

mcc_generated_files/pwm3.c
		_PWM3_Initialize		CODE           	02A5	0000	23

mcc_generated_files/pwm3.c estimated size: 23

mcc_generated_files/tmr1.c
		_TMR1_Initialize		CODE           	028D	0000	24
		_TMR1_SetInterruptHandler		CODE           	030C	0000	5
		_TMR1_WriteTimer		CODE           	02E6	0000	17
		_TMR1_ISR      		CODE           	02F7	0000	13

mcc_generated_files/tmr1.c estimated size: 59

mcc_generated_files/pwm1.c
		_PWM1_Initialize		CODE           	0274	0000	25

mcc_generated_files/pwm1.c estimated size: 25

main.c
		_msTick        		CODE           	02D3	0000	19
		_main          		CODE           	0025	0000	382
		_setColors     		CODE           	01A3	0000	128

main.c estimated size: 529

